Warning: Scenario Normal_Slow is not configured for hold analysis: skipping. (UIC-058)
Warning: Scenario PowerSave_Slow is not configured for hold analysis: skipping. (UIC-058)
****************************************
Report : timing
        -path_type full
        -delay_type min
        -max_paths 1
        -report_by design
Design : dut_toplevel
Version: V-2023.12
Date   : Wed Jun  4 12:21:43 2025
****************************************

  Startpoint: math_wrapper_INST/out_data_r_reg[19] (rising edge-triggered flip-flop clocked by clk)
  Endpoint: dut_fifo_INST/fifo_data_r_reg[1][22] (rising edge-triggered flip-flop clocked by clk)
  Mode: Normal
  Corner: Fast
  Scenario: Normal_Fast
  Path Group: clk
  Path Type: min

  Point                                            Incr      Path  
  ------------------------------------------------------------------------
  clock clk (rise edge)                            0.00      0.00
  clock network delay (ideal)                      0.00      0.00

  math_wrapper_INST/out_data_r_reg[19]/CK (SAEDRVT14_FSDPRBQ_V2LP_1)
                                                   0.00      0.00 r
  math_wrapper_INST/out_data_r_reg[19]/Q (SAEDRVT14_FSDPRBQ_V2LP_1)
                                                   0.03      0.03 f
  dut_fifo_INST/fifo_data_r_reg[1][22]/D (SAEDRVT14_FSDPRBQ_V2LP_1)
                                                   0.00      0.03 f
  data arrival time                                          0.03

  clock clk (rise edge)                            0.00      0.00
  clock network delay (ideal)                      0.00      0.00
  dut_fifo_INST/fifo_data_r_reg[1][22]/CK (SAEDRVT14_FSDPRBQ_V2LP_1)
                                                   0.00      0.00 r
  library hold time                                0.01      0.01
  data required time                                         0.01
  ------------------------------------------------------------------------
  data required time                                         0.01
  data arrival time                                         -0.03
  ------------------------------------------------------------------------
  slack (MET)                                                0.02


1
