Warning: Scenario Normal_Fast is not configured for setup analysis: skipping. (UIC-058)
Warning: Scenario PowerSave_Fast is not configured for setup analysis: skipping. (UIC-058)
****************************************
Report : timing
        -path_type full
        -delay_type max
        -max_paths 1
        -report_by design
Design : dut_toplevel
Version: V-2023.12
Date   : Wed Jun  4 14:34:26 2025
****************************************

  Startpoint: dut_fifo_INST/fifo_rptr_r_reg[0] (rising edge-triggered flip-flop clocked by clk)
  Endpoint: math_wrapper_INST/out_data_r_reg[34] (rising edge-triggered flip-flop clocked by clk)
  Mode: Normal
  Corner: Slow
  Scenario: Normal_Slow
  Path Group: clk
  Path Type: max

  Point                                            Incr      Path  
  ------------------------------------------------------------------------
  clock clk (rise edge)                            0.00      0.00
  clock network delay (ideal)                      0.00      0.00

  dut_fifo_INST/fifo_rptr_r_reg[0]/CK (SAEDRVT14_FSDPRBQ_V2LP_1)
                                                   0.00      0.00 r
  dut_fifo_INST/fifo_rptr_r_reg[0]/Q (SAEDRVT14_FSDPRBQ_V2LP_1)
                                                   0.08      0.08 r
  phfnr_buf_416/X (SAEDRVT14_INV_S_0P5)            0.02      0.10 f
  ctmi_2073/X (SAEDRVT14_OAI22_0P5)                0.02      0.12 r
  ctmi_2072/X (SAEDRVT14_OAI21_0P5)                0.02      0.13 f
  ctmi_2070/X (SAEDRVT14_AOI21_0P75)               0.02      0.15 r
  ctmi_2076/X (SAEDRVT14_ND2_CDC_1)                0.02      0.17 f
  ctmi_2079/X (SAEDRVT14_OA21B_1)                  0.01      0.18 r
  ctmi_2093/X (SAEDRVT14_NR2_MM_1)                 0.01      0.20 f
  ctmi_333/X (SAEDRVT14_AO21B_0P5)                 0.01      0.21 r
  ctmi_332/X (SAEDRVT14_NR4_0P75)                  0.09      0.30 f
  ctmi_2142/X (SAEDRVT14_NR2_4)                    0.10      0.40 r
  ctmi_347/X (SAEDRVT14_AOI222_1)                  0.10      0.50 f
  DP_OP_33_12155_941_J1/ctmi_2278/X (SAEDRVT14_NR2_1)
                                                   0.03      0.53 r
  DP_OP_33_12155_941_J1/U_396/CO (SAEDRVT14_ADDH_0P5)
                                                   0.02      0.55 r
  DP_OP_33_12155_941_J1/U_398/S (SAEDRVT14_ADDF_V1_0P5)
                                                   0.06      0.60 f
  DP_OP_33_12155_941_J1/U_673/CO (SAEDRVT14_ADDF_V1_0P5)
                                                   0.04      0.64 f
  DP_OP_33_12155_941_J1/U_675/CO (SAEDRVT14_ADDF_V1_0P5)
                                                   0.04      0.68 f
  DP_OP_33_12155_941_J1/U_678/CO (SAEDRVT14_ADDF_V1_0P5)
                                                   0.04      0.72 f
  DP_OP_33_12155_941_J1/U_680/CO (SAEDRVT14_ADDF_V1_0P5)
                                                   0.04      0.75 f
  DP_OP_33_12155_941_J1/U_683/CO (SAEDRVT14_ADDF_V1_0P5)
                                                   0.04      0.79 f
  DP_OP_33_12155_941_J1/U_685/CO (SAEDRVT14_ADDF_V1_0P5)
                                                   0.03      0.82 f
  DP_OP_33_12155_941_J1/U_688/CO (SAEDRVT14_ADDF_V1_0P5)
                                                   0.03      0.86 f
  DP_OP_33_12155_941_J1/U_690/CO (SAEDRVT14_ADDF_V1_0P5)
                                                   0.04      0.89 f
  DP_OP_33_12155_941_J1/U_693/CO (SAEDRVT14_ADDF_V1_0P5)
                                                   0.04      0.93 f
  DP_OP_33_12155_941_J1/U_695/CO (SAEDRVT14_ADDF_V1_0P5)
                                                   0.03      0.96 f
  DP_OP_33_12155_941_J1/U_698/CO (SAEDRVT14_ADDF_V1_0P5)
                                                   0.03      0.99 f
  DP_OP_33_12155_941_J1/U_700/CO (SAEDRVT14_ADDF_V1_0P5)
                                                   0.03      1.03 f
  DP_OP_33_12155_941_J1/U_703/CO (SAEDRVT14_ADDF_V1_0P5)
                                                   0.03      1.06 f
  DP_OP_33_12155_941_J1/U_705/CO (SAEDRVT14_ADDF_V1_0P5)
                                                   0.04      1.10 f
  DP_OP_33_12155_941_J1/U_708/CO (SAEDRVT14_ADDF_V1_0P5)
                                                   0.04      1.14 f
  DP_OP_33_12155_941_J1/U_710/CO (SAEDRVT14_ADDF_V1_0P5)
                                                   0.04      1.18 f
  DP_OP_33_12155_941_J1/U_713/CO (SAEDRVT14_ADDF_V1_0P5)
                                                   0.04      1.21 f
  DP_OP_33_12155_941_J1/U_715/CO (SAEDRVT14_ADDF_V1_0P5)
                                                   0.04      1.25 f
  DP_OP_33_12155_941_J1/U_718/CO (SAEDRVT14_ADDF_V1_0P5)
                                                   0.04      1.29 f
  DP_OP_33_12155_941_J1/U_720/CO (SAEDRVT14_ADDF_V1_0P5)
                                                   0.04      1.33 f
  DP_OP_33_12155_941_J1/U_723/CO (SAEDRVT14_ADDF_V1_0P5)
                                                   0.04      1.37 f
  DP_OP_33_12155_941_J1/U_725/CO (SAEDRVT14_ADDF_V1_0P5)
                                                   0.04      1.41 f
  DP_OP_33_12155_941_J1/U_728/CO (SAEDRVT14_ADDF_V1_0P5)
                                                   0.04      1.45 f
  DP_OP_33_12155_941_J1/U_730/CO (SAEDRVT14_ADDF_V1_0P5)
                                                   0.04      1.49 f
  DP_OP_33_12155_941_J1/U_733/CO (SAEDRVT14_ADDF_V1_0P5)
                                                   0.04      1.53 f
  DP_OP_33_12155_941_J1/U_735/CO (SAEDRVT14_ADDF_V1_0P5)
                                                   0.04      1.56 f
  DP_OP_33_12155_941_J1/U_738/CO (SAEDRVT14_ADDF_V1_0P5)
                                                   0.03      1.60 f
  DP_OP_33_12155_941_J1/U_740/CO (SAEDRVT14_ADDF_V1_0P5)
                                                   0.03      1.63 f
  DP_OP_33_12155_941_J1/U_743/CO (SAEDRVT14_ADDF_V1_0P5)
                                                   0.03      1.66 f
  DP_OP_33_12155_941_J1/U_745/CO (SAEDRVT14_ADDF_V1_0P5)
                                                   0.03      1.70 f
  DP_OP_33_12155_941_J1/U_748/CO (SAEDRVT14_ADDF_V1_0P5)
                                                   0.03      1.73 f
  DP_OP_33_12155_941_J1/U_750/S (SAEDRVT14_ADDF_V1_0P5)
                                                   0.05      1.79 r
  math_wrapper_INST/out_data_r_reg[34]/D (SAEDRVT14_FSDPRBQ_V2LP_1)
                                                   0.00      1.79 r
  data arrival time                                          1.79

  clock clk (rise edge)                            2.00      2.00
  clock network delay (ideal)                      0.00      2.00
  math_wrapper_INST/out_data_r_reg[34]/CK (SAEDRVT14_FSDPRBQ_V2LP_1)
                                                   0.00      2.00 r
  clock uncertainty                               -0.30      1.70
  library setup time                              -0.00      1.70
  data required time                                         1.70
  ------------------------------------------------------------------------
  data required time                                         1.70
  data arrival time                                         -1.79
  ------------------------------------------------------------------------
  slack (VIOLATED)                                          -0.09


1
